Git is a version control system.
Git is free software.

$ git add 文件名
$ git commit -m "解释"

$ git status
# On branch master
# Changes not staged for commit: //未提交的修改

Creating a new branch is quick.